[18:07:08] [main/INFO]: Loading Minecraft 1.21.1 with Fabric Loader 0.18.2
[18:07:09] [main/INFO]: Loading 4 mods:
	- fabricloader 0.18.2
	   \-- mixinextras 0.5.0
	- java 21
	- minecraft 1.21.1
[18:07:09] [main/INFO]: SpongePowered MIXIN Subsystem Version=0.8.7 Source=file:/workspaces/Server2.1/servidor_minecraft/libraries/net/fabricmc/sponge-mixin/0.16.5+mixin.0.8.7/sponge-mixin-0.16.5+mixin.0.8.7.jar Service=Knot/Fabric Env=SERVER
[18:07:19] [main/INFO]: Environment: Environment[sessionHost=https://sessionserver.mojang.com, servicesHost=https://api.minecraftservices.com, name=PROD]
[18:07:20] [main/INFO]: No existing world data, creating new world
[18:07:22] [main/INFO]: Loaded 1290 recipes
[18:07:22] [main/INFO]: Loaded 1399 advancements
[18:07:23] [Server thread/INFO]: Starting minecraft server version 1.21.1
[18:07:23] [Server thread/INFO]: Loading properties
[18:07:23] [Server thread/INFO]: Default game type: SURVIVAL
[18:07:23] [Server thread/INFO]: Generating keypair
[18:07:23] [Server thread/INFO]: Starting Minecraft server on *:25565
[18:07:23] [Server thread/INFO]: Using epoll channel type
[18:07:24] [Server thread/WARN]: **** SERVER IS RUNNING IN OFFLINE/INSECURE MODE!
[18:07:24] [Server thread/WARN]: The server will make no attempt to authenticate usernames. Beware.
[18:07:24] [Server thread/WARN]: While this makes the game possible to play without internet access, it also opens up the ability for hackers to connect with any username they choose.
[18:07:24] [Server thread/WARN]: To change this, set "online-mode" to "true" in the server.properties file.
[18:07:24] [Server thread/INFO]: Preparing level "world"
[18:07:37] [Server thread/INFO]: Preparing start region for dimension minecraft:overworld
[18:07:37] [Worker-Main-2/INFO]: Preparing spawn area: 2%
[18:07:37] [Worker-Main-2/INFO]: Preparing spawn area: 2%
[18:07:39] [Worker-Main-2/INFO]: Preparing spawn area: 2%
[18:07:39] [Worker-Main-2/INFO]: Preparing spawn area: 2%
[18:07:39] [Worker-Main-2/INFO]: Preparing spawn area: 2%
[18:07:39] [Worker-Main-2/INFO]: Preparing spawn area: 2%
[18:07:40] [Worker-Main-2/INFO]: Preparing spawn area: 2%
[18:07:40] [Worker-Main-2/INFO]: Preparing spawn area: 2%
[18:07:41] [Worker-Main-2/INFO]: Preparing spawn area: 2%
[18:07:41] [Worker-Main-2/INFO]: Preparing spawn area: 2%
[18:07:42] [Worker-Main-2/INFO]: Preparing spawn area: 2%
[18:07:42] [Worker-Main-2/INFO]: Preparing spawn area: 2%
[18:07:43] [Worker-Main-2/INFO]: Preparing spawn area: 2%
[18:07:43] [Worker-Main-2/INFO]: Preparing spawn area: 2%
[18:07:44] [Worker-Main-2/INFO]: Preparing spawn area: 2%
[18:07:44] [Worker-Main-2/INFO]: Preparing spawn area: 2%
[18:07:45] [Worker-Main-2/INFO]: Preparing spawn area: 2%
[18:07:45] [Worker-Main-2/INFO]: Preparing spawn area: 2%
[18:07:46] [Worker-Main-2/INFO]: Preparing spawn area: 2%
[18:07:46] [Worker-Main-2/INFO]: Preparing spawn area: 2%
[18:07:47] [Worker-Main-2/INFO]: Preparing spawn area: 2%
[18:07:47] [Worker-Main-2/INFO]: Preparing spawn area: 2%
[18:07:48] [Worker-Main-2/INFO]: Preparing spawn area: 40%
[18:07:48] [Server thread/INFO]: Time elapsed: 11484 ms
[18:07:48] [Server thread/INFO]: Done (24.513s)! For help, type "help"
[18:13:14] [Server thread/INFO]: Unknown or incomplete command, see below for error
[18:13:14] [Server thread/INFO]: ip<--[HERE]
[18:13:25] [Server thread/INFO]: Unknown or incomplete command, see below for error
[18:13:25] [Server thread/INFO]: ip<--[HERE]
[18:14:51] [Server thread/INFO]: swtnerrrr[/127.237.238.219:50807] logged in with entity id 25 at (9.5, 76.0, 0.5)
[18:14:51] [Server thread/INFO]: swtnerrrr joined the game
[18:15:00] [Server thread/WARN]: Can't keep up! Is the server overloaded? Running 2056ms or 41 ticks behind
[18:16:45] [Server thread/INFO]: Made swtnerrrr a server operator
[18:16:54] [Server thread/INFO]: [swtnerrrr: Set own game mode to Creative Mode]
[18:17:11] [Server thread/INFO]: [swtnerrrr: Set the time to 1000]
[18:17:22] [Server thread/INFO]: swtnerrrr lost connection: Disconnected
[18:17:22] [Server thread/INFO]: swtnerrrr left the game
[18:17:49] [Server thread/INFO]: samuelcoolkid67[/127.237.238.219:57465] logged in with entity id 822 at (5.5, 77.0, -0.5)
[18:17:49] [Server thread/INFO]: samuelcoolkid67 joined the game
[18:17:49] [Server thread/INFO]: swtnerrrr[/127.237.238.219:52119] logged in with entity id 943 at (-63.96993604401444, 89.0, -13.31327743971948)
[18:17:49] [Server thread/INFO]: swtnerrrr joined the game
[18:17:58] [Server thread/INFO]: [swtnerrrr: Teleported swtnerrrr to samuelcoolkid67]
[18:18:13] [Server thread/WARN]: Mismatch in destroy block pos: class_2338{x=0, y=0, z=0} class_2338{x=5, y=77, z=8}
[18:18:19] [Server thread/WARN]: Mismatch in destroy block pos: class_2338{x=0, y=0, z=0} class_2338{x=5, y=76, z=1}
[18:18:20] [Server thread/WARN]: Mismatch in destroy block pos: class_2338{x=0, y=0, z=0} class_2338{x=5, y=76, z=3}
[18:18:20] [Server thread/WARN]: Mismatch in destroy block pos: class_2338{x=0, y=0, z=0} class_2338{x=5, y=76, z=4}
[18:18:20] [Server thread/WARN]: Mismatch in destroy block pos: class_2338{x=0, y=0, z=0} class_2338{x=5, y=77, z=5}
[18:18:22] [Server thread/WARN]: Mismatch in destroy block pos: class_2338{x=0, y=0, z=0} class_2338{x=4, y=78, z=4}
[18:18:22] [Server thread/WARN]: Mismatch in destroy block pos: class_2338{x=0, y=0, z=0} class_2338{x=4, y=78, z=4}
[18:18:22] [Server thread/WARN]: Mismatch in destroy block pos: class_2338{x=0, y=0, z=0} class_2338{x=2, y=77, z=2}
[18:18:23] [Server thread/WARN]: Mismatch in destroy block pos: class_2338{x=0, y=0, z=0} class_2338{x=5, y=77, z=7}
[18:18:23] [Server thread/WARN]: Mismatch in destroy block pos: class_2338{x=0, y=0, z=0} class_2338{x=5, y=77, z=8}
[18:18:23] [Server thread/WARN]: Mismatch in destroy block pos: class_2338{x=0, y=0, z=0} class_2338{x=4, y=77, z=8}
[18:18:23] [Server thread/WARN]: Mismatch in destroy block pos: class_2338{x=0, y=0, z=0} class_2338{x=3, y=77, z=7}
[18:18:26] [Server thread/INFO]: [swtnerrrr: Set own game mode to Survival Mode]
[18:18:28] [Server thread/WARN]: Mismatch in destroy block pos: class_2338{x=0, y=0, z=0} class_2338{x=4, y=79, z=4}
[18:18:28] [Server thread/WARN]: Mismatch in destroy block pos: class_2338{x=0, y=0, z=0} class_2338{x=4, y=78, z=4}
[18:18:51] [Server thread/WARN]: Mismatch in destroy block pos: class_2338{x=0, y=0, z=0} class_2338{x=4, y=79, z=4}
[18:18:51] [Server thread/WARN]: Mismatch in destroy block pos: class_2338{x=0, y=0, z=0} class_2338{x=4, y=78, z=4}
[18:18:51] [Server thread/WARN]: Mismatch in destroy block pos: class_2338{x=0, y=0, z=0} class_2338{x=4, y=77, z=5}
[18:18:51] [Server thread/WARN]: Mismatch in destroy block pos: class_2338{x=0, y=0, z=0} class_2338{x=5, y=77, z=5}
[18:18:51] [Server thread/WARN]: Mismatch in destroy block pos: class_2338{x=0, y=0, z=0} class_2338{x=6, y=76, z=5}
[18:18:51] [Server thread/WARN]: Mismatch in destroy block pos: class_2338{x=0, y=0, z=0} class_2338{x=6, y=76, z=4}
[18:20:18] [Server thread/INFO]: samuelcoolkid67 was slain by swtnerrrr
[18:23:14] [Server thread/INFO]: [swtnerrrr: Teleported swtnerrrr to samuelcoolkid67]
[18:24:22] [Server thread/INFO]: [swtnerrrr: Set own game mode to Creative Mode]
[18:24:26] [Server thread/INFO]: swtnerrrr lost connection: Disconnected
[18:24:26] [Server thread/INFO]: swtnerrrr left the game
[18:24:34] [Server thread/INFO]: swtnerrrr[/127.237.238.219:45657] logged in with entity id 1827 at (34.589673259567675, 71.0, 8.495050921433863)
[18:24:34] [Server thread/INFO]: swtnerrrr joined the game
[18:24:41] [Server thread/INFO]: swtnerrrr lost connection: Disconnected
[18:24:41] [Server thread/INFO]: swtnerrrr left the game
[18:24:48] [Server thread/INFO]: swtnerrrr[/127.237.238.219:39763] logged in with entity id 1850 at (34.589673259567675, 71.0, 8.495050921433863)
[18:24:48] [Server thread/INFO]: swtnerrrr joined the game
[18:25:03] [Server thread/INFO]: swtnerrrr has made the advancement [Diamonds!]
[18:25:10] [Server thread/INFO]: samuelcoolkid67 has made the advancement [Diamonds!]
[18:25:19] [Server thread/INFO]: [swtnerrrr: Set own game mode to Survival Mode]
[18:26:46] [Server thread/INFO]: [swtnerrrr: Set the time to 1000]
[18:27:14] [Server thread/INFO]: swtnerrrr has made the advancement [Stone Age]
[18:29:51] [Server thread/INFO]: samuelcoolkid67 has made the advancement [Stone Age]
[18:31:51] [Server thread/INFO]: [swtnerrrr: Set own game mode to Creative Mode]
[18:32:12] [Server thread/INFO]: [swtnerrrr: Set own game mode to Survival Mode]
[18:34:03] [Server thread/INFO]: [swtnerrrr: Teleported swtnerrrr to samuelcoolkid67]
[18:35:55] [Server thread/INFO]: swtnerrrr has made the advancement [Acquire Hardware]
[18:36:17] [Server thread/INFO]: swtnerrrr has made the advancement [Monster Hunter]
[18:36:42] [Server thread/INFO]: samuelcoolkid67 was slain by swtnerrrr
[18:36:52] [Server thread/INFO]: [swtnerrrr: Teleported samuelcoolkid67 to swtnerrrr]
[18:39:36] [Server thread/INFO]: [swtnerrrr: Set the time to 1000]
[18:39:37] [Server thread/INFO]: swtnerrrr was slain by Zombie
[18:39:40] [Server thread/INFO]: samuelcoolkid67 has made the advancement [Acquire Hardware]
[18:40:37] [Server thread/INFO]: [swtnerrrr: Set own game mode to Creative Mode]
[18:40:42] [Server thread/INFO]: swtnerrrr lost connection: Disconnected
[18:40:42] [Server thread/INFO]: swtnerrrr left the game
[18:40:47] [Server thread/INFO]: swtnerrrr[/127.237.238.219:47265] logged in with entity id 4019 at (28.045496564693764, 71.0, 5.531683695654613)
[18:40:47] [Server thread/INFO]: swtnerrrr joined the game
[18:41:17] [Server thread/INFO]: swtnerrrr lost connection: Disconnected
[18:41:17] [Server thread/INFO]: swtnerrrr left the game
[18:41:18] [Server thread/INFO]: samuelcoolkid67 has made the advancement [Best Friends Forever]
[18:41:21] [Server thread/INFO]: swtnerrrr[/127.237.238.219:41177] logged in with entity id 4078 at (27.046374427805084, 71.0, 6.328631202839593)
[18:41:21] [Server thread/INFO]: swtnerrrr joined the game
[18:42:11] [Server thread/INFO]: [swtnerrrr: Set own game mode to Survival Mode]
[18:43:21] [Server thread/INFO]: swtnerrrr was killed while fighting samuelcoolkid67
[18:43:21] [Server thread/INFO]: [swtnerrrr: Killed swtnerrrr]
[18:43:47] [Server thread/INFO]: samuelcoolkid67 was slain by swtnerrrr
[18:45:22] [Server thread/INFO]: [swtnerrrr: Set own game mode to Creative Mode]
[18:45:50] [Server thread/INFO]: swtnerrrr lost connection: Disconnected
[18:45:50] [Server thread/INFO]: swtnerrrr left the game
[18:45:54] [Server thread/INFO]: swtnerrrr[/127.237.238.219:48701] logged in with entity id 4865 at (46.989280053710786, 71.0, 2.4835332667150687)
[18:45:54] [Server thread/INFO]: swtnerrrr joined the game
[18:45:58] [Server thread/INFO]: swtnerrrr lost connection: Disconnected
[18:45:58] [Server thread/INFO]: swtnerrrr left the game
[18:46:02] [Server thread/INFO]: swtnerrrr[/127.237.238.219:53005] logged in with entity id 4887 at (46.989280053710786, 71.0, 2.4835332667150687)
[18:46:02] [Server thread/INFO]: swtnerrrr joined the game
[18:46:28] [Server thread/INFO]: samuelcoolkid67 was slain by Wolf
[18:46:41] [Server thread/INFO]: [swtnerrrr: Teleported samuelcoolkid67 to swtnerrrr]
[18:49:20] [Server thread/INFO]: swtnerrrr lost connection: Internal Exception: io.netty.handler.codec.DecoderException: Failed to decode packet 'serverbound/minecraft:set_creative_mode_slot'
[18:49:20] [Server thread/INFO]: swtnerrrr left the game
[18:49:24] [Server thread/INFO]: swtnerrrr[/127.237.238.219:34071] logged in with entity id 5443 at (61.428850148893495, 81.0, 14.336013968991107)
[18:49:25] [Server thread/INFO]: swtnerrrr joined the game
[18:49:50] [Server thread/INFO]: [swtnerrrr: Teleported swtnerrrr to samuelcoolkid67]
[18:49:54] [Server thread/INFO]: samuelcoolkid67 has made the advancement [Monster Hunter]
[18:50:04] [Server thread/INFO]: [swtnerrrr: Set the time to 1000]
[19:05:04] [Server thread/INFO]: samuelcoolkid67 was slain by Zombie
[19:10:23] [Server thread/INFO]: samuelcoolkid67 was slain by Wolf
[19:21:09] [Server thread/INFO]: swtnerrrr lost connection: Internal Exception: io.netty.handler.codec.DecoderException: Failed to decode packet 'serverbound/minecraft:set_creative_mode_slot'
[19:21:09] [Server thread/INFO]: swtnerrrr left the game
[19:23:35] [Server thread/INFO]: swtnerrrr[/127.237.238.219:49079] logged in with entity id 10046 at (119.33044600586416, 80.15814676123665, -6.194562056442011)
[19:23:35] [Server thread/INFO]: swtnerrrr joined the game
[19:23:49] [Server thread/INFO]: swtnerrrr lost connection: Internal Exception: io.netty.handler.codec.DecoderException: Failed to decode packet 'serverbound/minecraft:set_creative_mode_slot'
[19:23:49] [Server thread/INFO]: swtnerrrr left the game
[19:24:22] [Server thread/INFO]: samuelcoolkid67 has made the advancement [Cover Me with Diamonds]
[19:25:53] [Server thread/INFO]: swtnerrrr[/127.237.238.219:45155] logged in with entity id 10416 at (84.5528452849509, 80.15814676123665, -33.081577006455824)
[19:25:53] [Server thread/INFO]: swtnerrrr joined the game
[19:30:09] [Server thread/INFO]: samuelcoolkid67 was slain by Zombie
[19:36:29] [Server thread/INFO]: swtnerrrr lost connection: Disconnected
[19:36:29] [Server thread/INFO]: swtnerrrr left the game
[19:36:41] [Server thread/INFO]: swtnerrrr[/127.237.238.219:47159] logged in with entity id 11878 at (50.69999998807907, 77.0, 12.405944702903474)
[19:36:41] [Server thread/INFO]: swtnerrrr joined the game
[19:38:04] [Server thread/INFO]: [swtnerrrr: Set samuelcoolkid67's game mode to Creative Mode]
[19:40:42] [Server thread/INFO]: [swtnerrrr: Set the time to 1000]
[19:52:34] [Server thread/INFO]: swtnerrrr has made the advancement [Sweet Dreams]
[19:52:40] [Server thread/INFO]: samuelcoolkid67 has made the advancement [Sweet Dreams]
[19:52:45] [Server thread/INFO]: [Not Secure] <swtnerrrr> z
[19:52:45] [Server thread/INFO]: [Not Secure] <swtnerrrr> z
[19:52:45] [Server thread/INFO]: [Not Secure] <swtnerrrr> z
[19:52:45] [Server thread/INFO]: [Not Secure] <swtnerrrr> z
[19:58:01] [Server thread/INFO]: swtnerrrr lost connection: Internal Exception: io.netty.handler.codec.DecoderException: Failed to decode packet 'serverbound/minecraft:set_creative_mode_slot'
[19:58:01] [Server thread/INFO]: swtnerrrr left the game
[19:58:05] [Server thread/INFO]: swtnerrrr[/127.237.238.219:52485] logged in with entity id 14778 at (48.77331199012425, 77.28261590512203, 14.425668069917425)
[19:58:05] [Server thread/INFO]: swtnerrrr joined the game
[20:04:52] [Server thread/INFO]: swtnerrrr lost connection: Disconnected
[20:04:52] [Server thread/INFO]: swtnerrrr left the game
[20:08:51] [Server thread/INFO]: Unknown or incomplete command, see below for error
[20:08:51] [Server thread/INFO]: KIL @a<--[HERE]
[20:09:01] [Server thread/INFO]: Unknown or incomplete command, see below for error
[20:09:01] [Server thread/INFO]: <--[HERE]
[20:09:03] [Server thread/INFO]: Unknown or incomplete command, see below for error
[20:09:03] [Server thread/INFO]: <--[HERE]
[20:09:03] [Server thread/INFO]: Unknown or incomplete command, see below for error
[20:09:03] [Server thread/INFO]: <--[HERE]
[20:09:03] [Server thread/INFO]: Unknown or incomplete command, see below for error
[20:09:03] [Server thread/INFO]: <--[HERE]
[20:09:03] [Server thread/INFO]: Unknown or incomplete command, see below for error
[20:09:03] [Server thread/INFO]: <--[HERE]
[20:09:04] [Server thread/INFO]: Unknown or incomplete command, see below for error
[20:09:04] [Server thread/INFO]: <--[HERE]
[20:09:06] [Server thread/INFO]: An entity is required to run this command here
[20:11:37] [Server thread/INFO]: Unknown or incomplete command, see below for error
[20:11:37] [Server thread/INFO]: kikill samuel<--[HERE]
[20:11:53] [Server thread/INFO]: [Not Secure] <samuelcoolkid67> fdh
[20:12:11] [Server thread/INFO]: samuelcoolkid67 was killed
[20:12:11] [Server thread/INFO]: Killed samuelcoolkid67
[20:12:29] [Server thread/INFO]: samuelcoolkid67 was killed
[20:12:29] [Server thread/INFO]: Killed samuelcoolkid67
[20:12:42] [Server thread/INFO]: Set samuelcoolkid67's game mode to Survival Mode
[20:12:46] [Server thread/INFO]: samuelcoolkid67 was killed
[20:12:46] [Server thread/INFO]: Killed samuelcoolkid67
[20:13:15] [Server thread/INFO]: samuelcoolkid67 was killed
[20:13:15] [Server thread/INFO]: Killed samuelcoolkid67
[20:13:41] [Server thread/INFO]: Unknown or incomplete command, see below for error
[20:13:41] [Server thread/INFO]: <--[HERE]
[20:13:43] [Server thread/INFO]: samuelcoolkid67 was killed
[20:13:43] [Server thread/INFO]: Killed samuelcoolkid67
[20:13:48] [Server thread/INFO]: Unknown or incomplete command, see below for error
[20:13:48] [Server thread/INFO]: <--[HERE]
[20:13:50] [Server thread/INFO]: samuelcoolkid67 was killed
[20:13:50] [Server thread/INFO]: Killed samuelcoolkid67
[20:14:28] [Server thread/INFO]: Unknown or incomplete command, see below for error
[20:14:28] [Server thread/INFO]: <--[HERE]
[20:14:29] [Server thread/INFO]: Unknown or incomplete command, see below for error
[20:14:29] [Server thread/INFO]: <--[HERE]
[20:14:29] [Server thread/INFO]: Unknown or incomplete command, see below for error
[20:14:29] [Server thread/INFO]: <--[HERE]
[20:14:29] [Server thread/INFO]: Unknown or incomplete command, see below for error
[20:14:29] [Server thread/INFO]: <--[HERE]
[20:14:29] [Server thread/INFO]: Unknown or incomplete command, see below for error
[20:14:29] [Server thread/INFO]: <--[HERE]
[20:14:29] [Server thread/INFO]: Unknown or incomplete command, see below for error
[20:14:29] [Server thread/INFO]: <--[HERE]
[20:14:30] [Server thread/INFO]: samuelcoolkid67 was killed
[20:14:30] [Server thread/INFO]: Killed samuelcoolkid67
[20:14:59] [Server thread/INFO]: Incorrect argument for command
[20:14:59] [Server thread/INFO]: ...coolkid67 @e<--[HERE]
[20:15:04] [Server thread/INFO]: Unknown or incomplete command, see below for error
[20:15:04] [Server thread/INFO]: <--[HERE]
[20:15:33] [Server thread/INFO]: Unknown or incomplete command, see below for error
[20:15:33] [Server thread/INFO]: <--[HERE]
[20:24:51] [Server thread/INFO]: samuelcoolkid67 was slain by Zombie
[21:07:59] [Server thread/INFO]: swtnerrrr[/127.237.238.219:52731] logged in with entity id 20975 at (42.694996253079424, 73.92627998062218, 14.79733911047525)
[21:07:59] [Server thread/INFO]: swtnerrrr joined the game
[21:08:39] [Server thread/INFO]: [swtnerrrr: Set samuelcoolkid67's game mode to Creative Mode]
[21:10:53] [Server thread/INFO]: [swtnerrrr: Teleported swtnerrrr to samuelcoolkid67]
[21:11:05] [Server thread/INFO]: swtnerrrr has made the advancement [Sneak 100]
[21:15:45] [Server thread/INFO]: [swtnerrrr: Teleported samuelcoolkid67 to swtnerrrr]
[21:15:50] [Server thread/INFO]: [swtnerrrr: Set samuelcoolkid67's game mode to Survival Mode]
[21:15:51] [Server thread/INFO]: samuelcoolkid67 was slain by Wither Skeleton
[21:16:06] [Server thread/INFO]: [swtnerrrr: Set samuelcoolkid67's game mode to Creative Mode]
[21:16:10] [Server thread/INFO]: [swtnerrrr: Teleported samuelcoolkid67 to swtnerrrr]
[21:16:34] [Server thread/INFO]: [swtnerrrr: Set samuelcoolkid67's game mode to Survival Mode]
[21:16:39] [Server thread/INFO]: samuelcoolkid67 was slain by Wither Skeleton
[21:16:45] [Server thread/INFO]: [swtnerrrr: Teleported samuelcoolkid67 to swtnerrrr]
[21:16:50] [Server thread/INFO]: samuelcoolkid67 was slain by Wither Skeleton
[21:16:53] [Server thread/INFO]: [swtnerrrr: Set samuelcoolkid67's game mode to Creative Mode]
[21:16:56] [Server thread/INFO]: [swtnerrrr: Teleported samuelcoolkid67 to swtnerrrr]
[21:17:18] [Server thread/INFO]: samuelcoolkid67 has made the advancement [Hot Stuff]
[21:18:53] [Server thread/INFO]: [swtnerrrr: Set samuelcoolkid67's game mode to Survival Mode]
[21:19:03] [Server thread/INFO]: samuelcoolkid67 withered away while fighting Ravager
[21:19:08] [Server thread/INFO]: [swtnerrrr: Set the time to 1000]
[21:19:14] [Server thread/INFO]: [swtnerrrr: Set samuelcoolkid67's game mode to Creative Mode]
[21:19:18] [Server thread/INFO]: [swtnerrrr: Teleported samuelcoolkid67 to swtnerrrr]
[21:24:22] [Server thread/INFO]: [swtnerrrr: Set samuelcoolkid67's game mode to Survival Mode]
[21:24:26] [Server thread/INFO]: [swtnerrrr: Set samuelcoolkid67's game mode to Creative Mode]
[21:26:34] [Server thread/INFO]: [swtnerrrr: Set samuelcoolkid67's game mode to Survival Mode]
[21:26:38] [Server thread/INFO]: samuelcoolkid67 fell from a high place
[21:26:39] [Server thread/INFO]: [swtnerrrr: Set samuelcoolkid67's game mode to Creative Mode]
[21:27:28] [Server thread/INFO]: samuelcoolkid67 has made the advancement [Ice Bucket Challenge]
[21:32:57] [Server thread/INFO]: [swtnerrrr: Teleported swtnerrrr to samuelcoolkid67]
[21:33:11] [Server thread/INFO]: [swtnerrrr: Set the time to 1000]
[21:33:33] [Server thread/INFO]: [swtnerrrr: Teleported swtnerrrr to samuelcoolkid67]
[21:34:31] [Server thread/INFO]: swtnerrrr has made the advancement [Ice Bucket Challenge]
[21:38:36] [Server thread/INFO]: samuelcoolkid67 lost connection: Kicked by an operator
[21:38:36] [Server thread/INFO]: samuelcoolkid67 left the game
[21:38:36] [Server thread/INFO]: [swtnerrrr: Kicked samuelcoolkid67: Kicked by an operator]
[21:38:36] [Server thread/WARN]: handleDisconnection() called twice
[21:38:56] [Server thread/INFO]: samuelcoolkid67[/127.237.238.219:53879] logged in with entity id 28553 at (115.11472394639726, 65.74293160172489, 16.543998913463497)
[21:38:56] [Server thread/INFO]: samuelcoolkid67 joined the game
[21:39:25] [Server thread/INFO]: [swtnerrrr: Kicked samuelcoolkid67: Kicked by an operator]
[21:39:25] [Server thread/INFO]: samuelcoolkid67 lost connection: Kicked by an operator
[21:39:25] [Server thread/INFO]: samuelcoolkid67 left the game
[21:39:40] [Server thread/INFO]: samuelcoolkid67[/127.237.238.219:40183] logged in with entity id 29310 at (109.6970801857639, 73.60737416546583, 18.183618221831043)
[21:39:40] [Server thread/INFO]: samuelcoolkid67 joined the game
[21:43:23] [Server thread/INFO]: swtnerrrr lost connection: Disconnected
[21:43:23] [Server thread/INFO]: swtnerrrr left the game
[21:43:55] [Server thread/INFO]: samuelcoolkid67 lost connection: Timed out
[21:43:55] [Server thread/INFO]: samuelcoolkid67 left the game
